[express.adobe.com/page/Eqpieidt6JDYe/index.html]
[backblue.gif]
[fade.gif]
[index.html]
[page.adobespark-assets.com/runtime/1.22/base-fonts.gz.js]
[express.adobe.com/page/Eqpieidt6JDYe/embed4076.jpg]
[page.adobespark-assets.com/runtime/1.22/font-subgroup-kits/lato.gz.js]
[page.adobespark-assets.com/runtime/1.22/font-subgroup-kits/calluna.gz.js]
[page.adobespark-assets.com/runtime/1.22/typekit-load.gz.js]
[page.adobespark-assets.com/runtime/1.22/runtime.gz.css]
[page.adobespark-assets.com/runtime/1.22/noscript.gz.css]
[express.adobe.com/page/Eqpieidt6JDYe/images/31f47a50-c578-43cf-b92a-7ca7b68d9c16ba7a.jpg]
[express.adobe.com/page/Eqpieidt6JDYe/images/159d3bb6-bf65-418d-a836-2460e9b3dc3d3b43.jpg]
[express.adobe.com/page/Eqpieidt6JDYe/images/6a61e289-1542-497b-ba78-ab6e1b8e923c2c43.png]
[express.adobe.com/page/Eqpieidt6JDYe/images/606fca35-2382-41cd-9189-bc3f51fbdb63774e.jpg]
[express.adobe.com/page/Eqpieidt6JDYe/images/65746cbd-36f6-4488-9fcf-27b1488bda829623.jpg]
[express.adobe.com/page/Eqpieidt6JDYe/index.html]
[page.adobespark-assets.com/runtime/1.22/runtime-prod.gz.js]
[page.adobespark-assets.com/runtime/1.22/images/arrow-left.png]
[page.adobespark-assets.com/runtime/1.22/images/arrow-right.png]
[page.adobespark-assets.com/runtime/1.22/images/left-arrow.png]
[page.adobespark-assets.com/runtime/1.22/images/right-arrow.png]
[page.adobespark-assets.com/runtime/1.22/images/appreciate-unfilled-valley@2x.png]
[page.adobespark-assets.com/runtime/1.22/images/appreciate-filled-lapis@2x.png]
[page.adobespark-assets.com/runtime/1.22/images/appreciate-filled-valley@2x.png]
[page.adobespark-assets.com/runtime/1.22/images/appreciate-unfilled-lapis@2x.png]
[page.adobespark-assets.com/runtime/1.22/images/lightbox_close@2x.png]
[page.adobespark-assets.com/runtime/1.22/images/lightbox_prev@2x.png]
[page.adobespark-assets.com/runtime/1.22/images/lightbox_next@2x.png]
[page.adobespark-assets.com/runtime/1.22/images/spinner2x.png]
[page.adobespark-assets.com/runtime/1.22/runtime.gz.css]
[page.adobespark-assets.com/runtime/1.22/noscript.gz.css]
[page.adobespark-assets.com/runtime/1.22/images/Link_18_N.svg]
[page.adobespark-assets.com/runtime/1.22/images/icon-video-play.svg]
